// Jest Snapshot v1, https://goo.gl/fbAQLP

exports[`CartIcon component render CartIcon component 1`] = `
<cart-iconstyles__CartIconContainer
  onClick={[MockFunction]}
>
  <cart-iconstyles__IconContainer
    as={
      Object {
        "$$typeof": Symbol(react.forward_ref),
        "render": [Function],
      }
    }
  />
  <cart-iconstyles__ItemCountContainer>
    0
  </cart-iconstyles__ItemCountContainer>
</cart-iconstyles__CartIconContainer>
`;
