// Jest Snapshot v1, https://goo.gl/fbAQLP

exports[`ErrorBoundary component tests render ErrorBoundary component 1`] = `
<error-boundarystyles__ErrorImageOverlay>
  <error-boundarystyles__ErrorImageContainer
    imageUrl="https://i.imgur.com/yW2W9SC.png"
  />
  <error-boundarystyles__ErrorImageText>
    Sorry this page is broken
  </error-boundarystyles__ErrorImageText>
</error-boundarystyles__ErrorImageOverlay>
`;
